// Jest Snapshot v1, https://goo.gl/fbAQLP

exports[`

.globals      2043543

iconst 3

 1`] = `
Array [
  Object {
    "globals": 2043543,
    "kind": "header",
  },
  Object {
    "kind": "instruction",
    "label": null,
    "mnemonic": "iconst",
    "operands": Array [
      3,
    ],
  },
]
`;

exports[`
first: iconst 1
second:
iconst 2
third:
     iconst 3
 1`] = `
Array [
  Object {
    "kind": "instruction",
    "label": "first",
    "mnemonic": "iconst",
    "operands": Array [
      1,
    ],
  },
  Object {
    "kind": "instruction",
    "label": "second",
    "mnemonic": "iconst",
    "operands": Array [
      2,
    ],
  },
  Object {
    "kind": "instruction",
    "label": "third",
    "mnemonic": "iconst",
    "operands": Array [
      3,
    ],
  },
]
`;

exports[`.globals 3 1`] = `"Expected [0-9], [\\\\r\\\\n], or [a-z] but end of input found."`;

exports[`iconst 3 1`] = `
Array [
  Object {
    "kind": "instruction",
    "label": null,
    "mnemonic": "iconst",
    "operands": Array [
      3,
    ],
  },
]
`;
